{
  "match_id": 8926354517,
  "duration_sec": 600,
  "radiant_win": true,
  "players": [
    {
      "steam_id": 76561198000000000,
      "player_id": 0,
      "hero_id": 83,
      "hero": "treant",
      "team": "radiant",
      "name": "TA",
      "position": 1,
      "lane": "safe",
      "kills": 12,
      "deaths": 3,
      "assists": 15,
      "level": 30,
      "last_hits": 250,
      "networth": 25000,
      "gpm": 1333,
      "xpm": 2667,
      "healing": 165,
      "hero_damage": 360,
      "damage_taken": 200,
      "tower_damage": 0,
      "time_dead": 203,
      "stun_duration": 0,
      "stun_sources": [
        {
          "inflictor": "dazzle_shallow_grave",
          "category": "stun",
          "duration": 2.5
        }
      ],
      "buff_duration": 5,
      "buff_sources": [
        {
          "inflictor": "dazzle_shallow_grave",
          "category": "save",
          "duration": 5
        }
      ],
      "fear_duration": 6,
      "fear_sources": [
        {
          "inflictor": "terrorize",
          "category": "fear",
          "duration": 6
        }
      ],
      "roots_duration": 0,
      "leash_duration": 0,
      "trap_duration": 0,
      "taunt_duration": 0,
      "silence_duration": 0,
      "break_duration": 0,
      "disarm_duration": 0,
      "heal_duration": 12,
      "heal_value": 125,
      "heal_sources": [
        {
          "inflictor": "item_urn_heal",
          "category": "heal",
          "duration": 12
        },
        {
          "inflictor": "item_holy_locket",
          "category": "heal",
          "value": 125
        }
      ],
      "gold_spent_wards": 200,
      "gold_spent_smoke": 100,
      "gold_spent_dust": 0,
      "gold_lost": 200,
      "camps_stacked": 0,
      "creeps_stacked": 0,
      "rune_pickups": 0,
      "wisdoms_captured": 1,
      "watchers_captured": 2,
      "lotuses_gathered": 3,
      "first_blood": false,
      "courier_kills": 1
    },
    {
      "steam_id": 76561198000010000,
      "player_id": 1,
      "hero_id": 86,
      "hero": "rubick",
      "team": "dire",
      "name": "RB",
      "position": 1,
      "lane": "safe",
      "kills": 9,
      "deaths": 0,
      "assists": 0,
      "level": 28,
      "last_hits": 120,
      "networth": 22000,
      "gpm": 1167,
      "xpm": 2333,
      "healing": 0,
      "hero_damage": 200,
      "damage_taken": 300,
      "tower_damage": 500,
      "time_dead": 200,
      "stun_duration": 0,
      "buff_duration": 0,
      "fear_duration": 0,
      "roots_duration": 4,
      "root_sources": [
        {
          "inflictor": "naga_siren_ensnare",
          "category": "root",
          "duration": 4
        }
      ],
      "leash_duration": 0,
      "trap_duration": 0,
      "taunt_duration": 0,
      "silence_duration": 2,
      "silence_sources": [
        {
          "inflictor": "orchid_malevolence",
          "category": "silence",
          "duration": 2
        }
      ],
      "break_duration": 0,
      "disarm_duration": 3,
      "disarm_sources": [
        {
          "inflictor": "heavens_halberd",
          "category": "disarm",
          "duration": 3
        }
      ],
      "heal_duration": 0,
      "heal_value": 0,
      "gold_spent_wards": 0,
      "gold_spent_smoke": 0,
      "gold_spent_dust": 80,
      "gold_lost": 0,
      "camps_stacked": 0,
      "creeps_stacked": 0,
      "rune_pickups": 0,
      "wisdoms_captured": 0,
      "watchers_captured": 0,
      "lotuses_gathered": 0,
      "first_blood": true,
      "courier_kills": 0
    },
    {
      "steam_id": 76561198000020000,
      "player_id": 2,
      "hero_id": 31,
      "hero": "lich",
      "team": "radiant",
      "name": "LC",
      "position": 5,
      "lane": "hard_supp",
      "kills": 6,
      "deaths": 0,
      "assists": 0,
      "level": 27,
      "last_hits": 40,
      "networth": 19000,
      "gpm": 933,
      "xpm": 1867,
      "healing": 300,
      "hero_damage": 0,
      "damage_taken": 150,
      "tower_damage": 100,
      "time_dead": 200,
      "stun_duration": 0,
      "buff_duration": 0,
      "fear_duration": 0,
      "roots_duration": 0,
      "leash_duration": 0,
      "trap_duration": 5,
      "trap_sources": [
        {
          "inflictor": "disruptor_kinetic_field",
          "category": "trap",
          "duration": 5
        }
      ],
      "taunt_duration": 0,
      "silence_duration": 0,
      "break_duration": 2,
      "break_sources": [
        {
          "inflictor": "item_silver_edge",
          "category": "break",
          "duration": 2
        }
      ],
      "disarm_duration": 0,
      "heal_duration": 0,
      "heal_value": 300,
      "heal_sources": [
        {
          "inflictor": "item_greater_famango",
          "category": "heal",
          "value": 300
        }
      ],
      "gold_spent_wards": 0,
      "gold_spent_smoke": 0,
      "gold_spent_dust": 0,
      "gold_lost": 0,
      "camps_stacked": 0,
      "creeps_stacked": 0,
      "rune_pickups": 0,
      "wisdoms_captured": 0,
      "watchers_captured": 0,
      "lotuses_gathered": 0,
      "first_blood": false,
      "courier_kills": 0
    },
    {
      "steam_id": 76561198000030000,
      "player_id": 3,
      "hero_id": 110,
      "hero": "phoenix",
      "team": "dire",
      "name": "PX",
      "position": 5,
      "lane": "hard_supp",
      "kills": 4,
      "deaths": 0,
      "assists": 0,
      "level": 25,
      "last_hits": 30,
      "networth": 15000,
      "gpm": 700,
      "xpm": 1400,
      "healing": 0,
      "hero_damage": 150,
      "damage_taken": 0,
      "tower_damage": 0,
      "time_dead": 200,
      "stun_duration": 0,
      "buff_duration": 0,
      "fear_duration": 0,
      "roots_duration": 0,
      "leash_duration": 0,
      "trap_duration": 0,
      "taunt_duration": 5,
      "taunt_sources": [
        {
          "inflictor": "axe_berserkers_call",
          "category": "taunt",
          "duration": 5
        }
      ],
      "silence_duration": 0,
      "break_duration": 0,
      "disarm_duration": 0,
      "heal_duration": 0,
      "heal_value": 0,
      "gold_spent_wards": 0,
      "gold_spent_smoke": 0,
      "gold_spent_dust": 0,
      "gold_lost": 0,
      "camps_stacked": 0,
      "creeps_stacked": 0,
      "rune_pickups": 0,
      "wisdoms_captured": 0,
      "watchers_captured": 0,
      "lotuses_gathered": 0,
      "first_blood": false,
      "courier_kills": 0
    },
    {
      "steam_id": 76561198000040000,
      "player_id": 4,
      "hero_id": 17,
      "hero": "storm_spirit",
      "team": "radiant",
      "name": "SS",
      "position": 2,
      "lane": "mid",
      "kills": 8,
      "deaths": 2,
      "assists": 10,
      "level": 29,
      "last_hits": 200,
      "networth": 21000,
      "gpm": 1000,
      "xpm": 2000,
      "healing": 0,
      "hero_damage": 0,
      "damage_taken": 0,
      "tower_damage": 0,
      "time_dead": 200,
      "stun_duration": 0,
      "buff_duration": 0,
      "fear_duration": 0,
      "roots_duration": 0,
      "leash_duration": 0,
      "trap_duration": 0,
      "taunt_duration": 0,
      "silence_duration": 0,
      "break_duration": 0,
      "disarm_duration": 0,
      "heal_duration": 0,
      "heal_value": 0,
      "gold_spent_wards": 100,
      "gold_spent_smoke": 0,
      "gold_spent_dust": 0,
      "gold_lost": 0,
      "camps_stacked": 0,
      "creeps_stacked": 0,
      "rune_pickups": 0,
      "wisdoms_captured": 0,
      "watchers_captured": 0,
      "lotuses_gathered": 0,
      "first_blood": false,
      "courier_kills": 0
    },
    {
      "steam_id": 76561198000050000,
      "player_id": 5,
      "hero_id": 13,
      "hero": "puck",
      "team": "dire",
      "name": "PK",
      "position": 2,
      "lane": "mid",
      "kills": 7,
      "deaths": 1,
      "assists": 8,
      "level": 28,
      "last_hits": 180,
      "networth": 20000,
      "gpm": 867,
      "xpm": 1800,
      "healing": 0,
      "hero_damage": 0,
      "damage_taken": 0,
      "tower_damage": 0,
      "time_dead": 200,
      "stun_duration": 0,
      "buff_duration": 0,
      "fear_duration": 0,
      "roots_duration": 0,
      "leash_duration": 0,
      "trap_duration": 0,
      "taunt_duration": 0,
      "silence_duration": 0,
      "break_duration": 0,
      "disarm_duration": 0,
      "heal_duration": 0,
      "heal_value": 0,
      "gold_spent_wards": 0,
      "gold_spent_smoke": 0,
      "gold_spent_dust": 0,
      "gold_lost": 0,
      "camps_stacked": 0,
      "creeps_stacked": 0,
      "rune_pickups": 0,
      "wisdoms_captured": 0,
      "watchers_captured": 0,
      "lotuses_gathered": 0,
      "first_blood": false,
      "courier_kills": 0
    },
    {
      "steam_id": 76561198000060000,
      "player_id": 6,
      "hero_id": 129,
      "hero": "mars",
      "team": "radiant",
      "name": "MR",
      "position": 3,
      "lane": "off",
      "kills": 10,
      "deaths": 4,
      "assists": 12,
      "level": 29,
      "last_hits": 220,
      "networth": 24000,
      "gpm": 1000,
      "xpm": 1933,
      "healing": 0,
      "hero_damage": 0,
      "damage_taken": 0,
      "tower_damage": 0,
      "time_dead": 200,
      "stun_duration": 0,
      "buff_duration": 0,
      "fear_duration": 0,
      "roots_duration": 0,
      "leash_duration": 0,
      "trap_duration": 0,
      "taunt_duration": 0,
      "silence_duration": 0,
      "break_duration": 0,
      "disarm_duration": 0,
      "heal_duration": 0,
      "heal_value": 0,
      "gold_spent_wards": 150,
      "gold_spent_smoke": 0,
      "gold_spent_dust": 0,
      "gold_lost": 0,
      "camps_stacked": 0,
      "creeps_stacked": 0,
      "rune_pickups": 0,
      "wisdoms_captured": 0,
      "watchers_captured": 0,
      "lotuses_gathered": 0,
      "first_blood": false,
      "courier_kills": 0
    },
    {
      "steam_id": 76561198000070000,
      "player_id": 7,
      "hero_id": 96,
      "hero": "centaur",
      "team": "dire",
      "name": "CN",
      "position": 3,
      "lane": "off",
      "kills": 5,
      "deaths": 3,
      "assists": 9,
      "level": 27,
      "last_hits": 150,
      "networth": 17000,
      "gpm": 833,
      "xpm": 1533,
      "healing": 0,
      "hero_damage": 0,
      "damage_taken": 0,
      "tower_damage": 0,
      "time_dead": 200,
      "stun_duration": 0,
      "buff_duration": 0,
      "fear_duration": 0,
      "roots_duration": 0,
      "leash_duration": 0,
      "trap_duration": 0,
      "taunt_duration": 0,
      "silence_duration": 0,
      "break_duration": 0,
      "disarm_duration": 0,
      "heal_duration": 0,
      "heal_value": 0,
      "gold_spent_wards": 0,
      "gold_spent_smoke": 0,
      "gold_spent_dust": 0,
      "gold_lost": 0,
      "camps_stacked": 0,
      "creeps_stacked": 0,
      "rune_pickups": 0,
      "wisdoms_captured": 0,
      "watchers_captured": 0,
      "lotuses_gathered": 0,
      "first_blood": false,
      "courier_kills": 0
    },
    {
      "steam_id": 76561198000080000,
      "player_id": 8,
      "hero_id": 7,
      "hero": "earthshaker",
      "team": "radiant",
      "name": "ES",
      "position": 4,
      "lane": "supp",
      "kills": 3,
      "deaths": 5,
      "assists": 14,
      "level": 26,
      "last_hits": 80,
      "networth": 14000,
      "gpm": 667,
      "xpm": 1267,
      "healing": 0,
      "hero_damage": 0,
      "damage_taken": 0,
      "tower_damage": 0,
      "time_dead": 200,
      "stun_duration": 0,
      "buff_duration": 0,
      "fear_duration": 0,
      "roots_duration": 0,
      "leash_duration": 0,
      "trap_duration": 0,
      "taunt_duration": 0,
      "silence_duration": 0,
      "break_duration": 0,
      "disarm_duration": 0,
      "heal_duration": 0,
      "heal_value": 0,
      "gold_spent_wards": 250,
      "gold_spent_smoke": 0,
      "gold_spent_dust": 0,
      "gold_lost": 0,
      "camps_stacked": 0,
      "creeps_stacked": 0,
      "rune_pickups": 0,
      "wisdoms_captured": 0,
      "watchers_captured": 0,
      "lotuses_gathered": 0,
      "first_blood": false,
      "courier_kills": 0
    },
    {
      "steam_id": 76561198000090000,
      "player_id": 9,
      "hero_id": 9,
      "hero": "mirana",
      "team": "dire",
      "name": "MRN",
      "position": 4,
      "lane": "supp",
      "kills": 2,
      "deaths": 4,
      "assists": 11,
      "level": 25,
      "last_hits": 60,
      "networth": 12000,
      "gpm": 500,
      "xpm": 1067,
      "healing": 0,
      "hero_damage": 0,
      "damage_taken": 0,
      "tower_damage": 0,
      "time_dead": 200,
      "stun_duration": 0,
      "buff_duration": 0,
      "fear_duration": 0,
      "roots_duration": 0,
      "leash_duration": 0,
      "trap_duration": 0,
      "taunt_duration": 0,
      "silence_duration": 0,
      "break_duration": 0,
      "disarm_duration": 0,
      "heal_duration": 0,
      "heal_value": 0,
      "gold_spent_wards": 0,
      "gold_spent_smoke": 0,
      "gold_spent_dust": 0,
      "gold_lost": 0,
      "camps_stacked": 0,
      "creeps_stacked": 0,
      "rune_pickups": 0,
      "wisdoms_captured": 0,
      "watchers_captured": 0,
      "lotuses_gathered": 0,
      "first_blood": false,
      "courier_kills": 0
    }
  ]
}
